<html>
<body>
<pre>
<h1>µVision Build Log</h1>
<h2>Project:</h2>
D:\stm32f103-P\stm32f103\RES_Version\SIK_Collect\USER\led.uvproj
Project File Date:  11/03/2015

<h2>Output:</h2>
Build target 'Target 1'
compiling main.c...
..\HEADWARE\CSB.h(14): warning:  #1295-D: Deprecated declaration CSB_Cal - give arg types
  u16 CSB_Cal();
main.c(17): warning:  #177-D: variable "Tx_Dat" was declared but never referenced
        u8 Tx_Dat[4];
main.c(18): warning:  #177-D: variable "temp" was declared but never referenced
        u16 temp,t;
main.c(18): warning:  #177-D: variable "t" was declared but never referenced
        u16 temp,t;
main.c: 4 warnings, 0 errors
compiling CSB.c...
..\HEADWARE\csb.h(14): warning:  #1295-D: Deprecated declaration CSB_Cal - give arg types
  u16 CSB_Cal();
..\HEADWARE\CSB.c: 1 warning, 0 errors
compiling TIME.c...
..\HEADWARE\CSB.h(14): warning:  #1295-D: Deprecated declaration CSB_Cal - give arg types
  u16 CSB_Cal();
..\HEADWARE\TIME.c: 1 warning, 0 errors
linking...
Program Size: Code=6764 RO-data=268 RW-data=16 ZI-data=1912  
FromELF: creating hex file...
"..\OBJ\led.axf" - 0 Error(s), 6 Warning(s).
</pre>
</body>
</html>
cated declaration CSB_Cal - give arg types
  u16 CSB_Cal();
..\HEADWARE\TIME.c: 1 warning, 0 errors
"..\OBJ\led.axf" - 1 Error(s), 7 Warning(s).
Target not created
.\OBJ\led.axf" - 1 Error(s), 7 Warning(s).
Target not created
